   Γû▓ Next.js 15.5.12
   - Environments: .env

   Creating an optimized production build ...
 Γ£ô Compiled successfully in 2.5s
   Skipping validation of types
   Skipping linting
   Collecting page data ...
   Generating static pages (0/4) ...
   Generating static pages (1/4) 
   Generating static pages (2/4) 
   Generating static pages (3/4) 
 Γ£ô Generating static pages (4/4)
   Finalizing page optimization ...
   Collecting build traces ...

Route (app)                                 Size  First Load JS
Γöî Γùï /                                    4.39 kB         110 kB
Γö£ Γùï /_not-found                            993 B         103 kB
Γö£ ╞Æ /api/generate-problem                  133 B         102 kB
Γö£ ╞Æ /api/generate-quiz                     133 B         102 kB
Γö£ ╞Æ /api/observe-code                      133 B         102 kB
Γö£ ╞Æ /api/submit-solution                   133 B         102 kB
Γö£ ╞Æ /topic/[id]                          3.35 kB         109 kB
Γöö ╞Æ /workspace/[id]                        12 kB         118 kB
+ First Load JS shared by all             102 kB
  Γö£ chunks/255-ebd51be49873d76c.js         46 kB
  Γö£ chunks/4bd1b696-c023c6e3521b1417.js  54.2 kB
  Γöö other shared chunks (total)          2.04 kB


Γùï  (Static)   prerendered as static content
╞Æ  (Dynamic)  server-rendered on demand

